src/app/dashboard/copypro/page.tsx(33,11): error TS2322: Type '5' is not assignable to type '0 | 1 | 2 | 3'.
